[    1735ms] [VERBOSE] [DOM] Input elements should have autocomplete attributes (suggested: "current-password"): (More info: https://goo.gl/9p2vKq) %o @ http://localhost:8080/login:0
[    1873ms] [ERROR] Failed to load resource: the server responded with a status of 404 (Not Found) @ http://localhost:8080/favicon.ico:0
[   42222ms] [ERROR] TypeError: Cannot read properties of undefined (reading 'find')
    at Yl.fn (https://storage.googleapis.com/human-capital/remotes/development/remote-hc-sppd/index-lRq04f4R.js:16:849)
    at Ri (https://hc-host-ohc-hcms-dev.apps.ocp-dev.pegadaian.co.id/__federation_shared_vue-CmZhWQPe.js:9:3323)
    at get value (https://hc-host-ohc-hcms-dev.apps.ocp-dev.pegadaian.co.id/__federation_shared_vue-CmZhWQPe.js:9:15250)
    at Proxy.<anonymous> (https://storage.googleapis.com/human-capital/remotes/development/remote-hc-sppd/index-lRq04f4R.js:16:2115)
    at Pn (https://hc-host-ohc-hcms-dev.apps.ocp-dev.pegadaian.co.id/__federation_shared_vue-CmZhWQPe.js:14:33588)
    at Dn.N [as fn] (https://hc-host-ohc-hcms-dev.apps.ocp-dev.pegadaian.co.id/__federation_shared_vue-CmZhWQPe.js:14:25271)
    at Dn.run (https://hc-host-ohc-hcms-dev.apps.ocp-dev.pegadaian.co.id/__federation_shared_vue-CmZhWQPe.js:9:1910)
    at U (https://hc-host-ohc-hcms-dev.apps.ocp-dev.pegadaian.co.id/__federation_shared_vue-CmZhWQPe.js:14:25654)
    at Q (https://hc-host-ohc-hcms-dev.apps.ocp-dev.pegadaian.co.id/__federation_shared_vue-CmZhWQPe.js:14:24242)
    at K (https://hc-host-ohc-hcms-dev.apps.ocp-dev.pegadaian.co.id/__federation_shared_vue-CmZhWQPe.js:14:24013) @ https://hc-host-ohc-hcms-dev.apps.ocp-dev.pegadaian.co.id/__federation_shared_vue-CmZhWQPe.js:12
[  393908ms] [ERROR] ReferenceError: Cannot access 'c' before initialization
    at https://storage.googleapis.com/human-capital/remotes/development/remote-hc-sppd/WrapperStep.vue_vue_type_script_setup_true_lang-B-yExy2-.js:52:25516
    at un (https://hc-host-ohc-hcms-dev.apps.ocp-dev.pegadaian.co.id/__federation_shared_vue-CmZhWQPe.js:13:1393)
    at ke (https://hc-host-ohc-hcms-dev.apps.ocp-dev.pegadaian.co.id/__federation_shared_vue-CmZhWQPe.js:13:1455)
    at l.call (https://hc-host-ohc-hcms-dev.apps.ocp-dev.pegadaian.co.id/__federation_shared_vue-CmZhWQPe.js:14:31251)
    at Zl.h (https://hc-host-ohc-hcms-dev.apps.ocp-dev.pegadaian.co.id/__federation_shared_vue-CmZhWQPe.js:9:16010)
    at Dn.h [as fn] (https://hc-host-ohc-hcms-dev.apps.ocp-dev.pegadaian.co.id/__federation_shared_vue-CmZhWQPe.js:9:16164)
    at Dn.run (https://hc-host-ohc-hcms-dev.apps.ocp-dev.pegadaian.co.id/__federation_shared_vue-CmZhWQPe.js:9:1910)
    at Zl (https://hc-host-ohc-hcms-dev.apps.ocp-dev.pegadaian.co.id/__federation_shared_vue-CmZhWQPe.js:9:16731)
    at hn (https://hc-host-ohc-hcms-dev.apps.ocp-dev.pegadaian.co.id/__federation_shared_vue-CmZhWQPe.js:14:31452)
    at Qt (https://hc-host-ohc-hcms-dev.apps.ocp-dev.pegadaian.co.id/__federation_shared_vue-CmZhWQPe.js:14:30959) @ https://hc-host-ohc-hcms-dev.apps.ocp-dev.pegadaian.co.id/__federation_shared_vue-CmZhWQPe.js:12
[  395542ms] TypeError: Cannot read properties of undefined (reading 'map')
    at q (https://storage.googleapis.com/human-capital/remotes/development/remote-hc-sppd/WrapperStep.vue_vue_type_script_setup_true_lang-B-yExy2-.js:52:3538)
[  412879ms] [ERROR] TypeError: Cannot read properties of undefined (reading 'find')
    at Yl.fn (https://storage.googleapis.com/human-capital/remotes/development/remote-hc-sppd/index-lRq04f4R.js:16:849)
    at Ri (https://hc-host-ohc-hcms-dev.apps.ocp-dev.pegadaian.co.id/__federation_shared_vue-CmZhWQPe.js:9:3323)
    at get value (https://hc-host-ohc-hcms-dev.apps.ocp-dev.pegadaian.co.id/__federation_shared_vue-CmZhWQPe.js:9:15250)
    at Proxy.<anonymous> (https://storage.googleapis.com/human-capital/remotes/development/remote-hc-sppd/index-lRq04f4R.js:16:2115)
    at Pn (https://hc-host-ohc-hcms-dev.apps.ocp-dev.pegadaian.co.id/__federation_shared_vue-CmZhWQPe.js:14:33588)
    at Dn.N [as fn] (https://hc-host-ohc-hcms-dev.apps.ocp-dev.pegadaian.co.id/__federation_shared_vue-CmZhWQPe.js:14:25271)
    at Dn.run (https://hc-host-ohc-hcms-dev.apps.ocp-dev.pegadaian.co.id/__federation_shared_vue-CmZhWQPe.js:9:1910)
    at U (https://hc-host-ohc-hcms-dev.apps.ocp-dev.pegadaian.co.id/__federation_shared_vue-CmZhWQPe.js:14:25654)
    at Q (https://hc-host-ohc-hcms-dev.apps.ocp-dev.pegadaian.co.id/__federation_shared_vue-CmZhWQPe.js:14:24242)
    at K (https://hc-host-ohc-hcms-dev.apps.ocp-dev.pegadaian.co.id/__federation_shared_vue-CmZhWQPe.js:14:24013) @ https://hc-host-ohc-hcms-dev.apps.ocp-dev.pegadaian.co.id/__federation_shared_vue-CmZhWQPe.js:12
