[ -910698ms] [ERROR] TypeError: Cannot read properties of undefined (reading 'find')
    at Yl.fn (https://storage.googleapis.com/human-capital/remotes/development/remote-hc-sppd/index-lRq04f4R.js:16:849)
    at Ri (https://hc-host-ohc-hcms-dev.apps.ocp-dev.pegadaian.co.id/__federation_shared_vue-CmZhWQPe.js:9:3323)
    at get value (https://hc-host-ohc-hcms-dev.apps.ocp-dev.pegadaian.co.id/__federation_shared_vue-CmZhWQPe.js:9:15250)
    at Proxy.<anonymous> (https://storage.googleapis.com/human-capital/remotes/development/remote-hc-sppd/index-lRq04f4R.js:16:2115)
    at Pn (https://hc-host-ohc-hcms-dev.apps.ocp-dev.pegadaian.co.id/__federation_shared_vue-CmZhWQPe.js:14:33588)
    at Dn.N [as fn] (https://hc-host-ohc-hcms-dev.apps.ocp-dev.pegadaian.co.id/__federation_shared_vue-CmZhWQPe.js:14:25271)
    at Dn.run (https://hc-host-ohc-hcms-dev.apps.ocp-dev.pegadaian.co.id/__federation_shared_vue-CmZhWQPe.js:9:1910)
    at U (https://hc-host-ohc-hcms-dev.apps.ocp-dev.pegadaian.co.id/__federation_shared_vue-CmZhWQPe.js:14:25654)
    at Q (https://hc-host-ohc-hcms-dev.apps.ocp-dev.pegadaian.co.id/__federation_shared_vue-CmZhWQPe.js:14:24242)
    at K (https://hc-host-ohc-hcms-dev.apps.ocp-dev.pegadaian.co.id/__federation_shared_vue-CmZhWQPe.js:14:24013) @ https://hc-host-ohc-hcms-dev.apps.ocp-dev.pegadaian.co.id/__federation_shared_vue-CmZhWQPe.js:12
[ -822155ms] [ERROR] TypeError: U.split is not a function or its return value is not iterable
    at S (https://storage.googleapis.com/human-capital/remotes/development/remote-hc-sppd/index-D56pdX61.js:38:13910)
    at Yl.fn (https://storage.googleapis.com/human-capital/remotes/development/remote-hc-sppd/index-D56pdX61.js:38:13967)
    at Ri (https://hc-host-ohc-hcms-dev.apps.ocp-dev.pegadaian.co.id/__federation_shared_vue-CmZhWQPe.js:9:3323)
    at get value (https://hc-host-ohc-hcms-dev.apps.ocp-dev.pegadaian.co.id/__federation_shared_vue-CmZhWQPe.js:9:15250)
    at Proxy.<anonymous> (https://storage.googleapis.com/human-capital/remotes/development/remote-hc-sppd/index-D56pdX61.js:38:15795)
    at Pn (https://hc-host-ohc-hcms-dev.apps.ocp-dev.pegadaian.co.id/__federation_shared_vue-CmZhWQPe.js:14:33588)
    at Dn.N [as fn] (https://hc-host-ohc-hcms-dev.apps.ocp-dev.pegadaian.co.id/__federation_shared_vue-CmZhWQPe.js:14:24741)
    at Dn.run (https://hc-host-ohc-hcms-dev.apps.ocp-dev.pegadaian.co.id/__federation_shared_vue-CmZhWQPe.js:9:1910)
    at se (https://hc-host-ohc-hcms-dev.apps.ocp-dev.pegadaian.co.id/__federation_shared_vue-CmZhWQPe.js:14:24383)
    at K (https://hc-host-ohc-hcms-dev.apps.ocp-dev.pegadaian.co.id/__federation_shared_vue-CmZhWQPe.js:14:24030) @ https://hc-host-ohc-hcms-dev.apps.ocp-dev.pegadaian.co.id/__federation_shared_vue-CmZhWQPe.js:12
